[www.freeformatter.com/index.html]
[backblue.gif]
[fade.gif]
[index.html]
[www.freeformatter.com/favicon.ico]
[www.freeformatter.com/5.0.0.1/css/app.min.css]
[www.freeformatter.com/5.0.0.1/css/bootstrap.min.css]
[cmp.uniconsent.com/v2/5a6357a030/cmp.js]
[pagead2.googlesyndication.com/pagead/js/f.txt]
[www.freeformatter.com/5.0.0.1/images/bmc-button.png]
[www.freeformatter.com/formatters.html]
[www.freeformatter.com/xml-formatter.html]
[www.freeformatter.com/html-formatter.html]
[www.freeformatter.com/json-formatter.html]
[www.freeformatter.com/sql-formatter.html]
[www.freeformatter.com/validators.html]
[www.freeformatter.com/xml-validator-xsd.html]
[www.freeformatter.com/json-validator.html]
[www.freeformatter.com/html-validator.html]
[www.freeformatter.com/xpath-tester.html]
[www.freeformatter.com/credit-card-number-generator-validator.html]
[www.freeformatter.com/regex-tester.html]
[www.freeformatter.com/java-regex-tester.html]
[www.freeformatter.com/cron-expression-generator-quartz.html]
[www.freeformatter.com/converters.html]
[www.freeformatter.com/xsd-generator.html]
[www.freeformatter.com/xsl-transformer.html]
[www.freeformatter.com/xml-to-json-converter.html]
[www.freeformatter.com/json-to-xml-converter.html]
[www.freeformatter.com/csv-to-xml-converter.html]
[www.freeformatter.com/csv-to-json-converter.html]
[www.freeformatter.com/yaml-to-json-converter.html]
[www.freeformatter.com/json-to-yaml-converter.html]
[www.freeformatter.com/url-encoder.html]
[www.freeformatter.com/convert-file-encoding.html]
[www.freeformatter.com/base64-encoder.html]
[www.freeformatter.com/message-digest.html]
[www.freeformatter.com/hmac-generator.html]
[www.freeformatter.com/qr-code-generator.html]
[www.freeformatter.com/minifiers.html]
[www.freeformatter.com/javascript-beautifier.html]
[www.freeformatter.com/javascript-minifier.html]
[www.freeformatter.com/css-beautifier.html]
[www.freeformatter.com/string-escaper.html]
[www.freeformatter.com/html-escape.html]
[www.freeformatter.com/string-utilities.html]
[www.freeformatter.com/java-dotnet-escape.html]
[www.freeformatter.com/xml-escape.html]
[www.freeformatter.com/javascript-escape.html]
[www.freeformatter.com/json-escape.html]
[www.freeformatter.com/sql-escape.html]
[www.freeformatter.com/lorem-ipsum-generator.html]
[www.freeformatter.com/mime-types-list.html]
[www.freeformatter.com/html-entities.html]
[www.freeformatter.com/i18n-standards-code-snippets.html]
[www.freeformatter.com/cdn-cgi/l/email-protection.html]
[www.freeformatter.com/cdn-cgi/scripts/5c5dd728/cloudflare-static/email-decode.min.js]
[www.freeformatter.com/iso-country-list-html-select.html]
[www.freeformatter.com/usa-state-list-html-select.html]
[www.freeformatter.com/canada-province-list-html-select.html]
[www.freeformatter.com/mexico-state-list-html-select.html]
[www.freeformatter.com/time-zone-list-html-select.html]
[www.freeformatter.com/argentina-standards-code-snippets.html]
[www.freeformatter.com/australia-standards-code-snippets.html]
[www.freeformatter.com/brazil-standards-code-snippets.html]
[www.freeformatter.com/canada-standards-code-snippets.html]
[www.freeformatter.com/colombia-standards-code-snippets.html]
[www.freeformatter.com/france-standards-code-snippets.html]
[www.freeformatter.com/germany-standards-code-snippets.html]
[www.freeformatter.com/india-standards-code-snippets.html]
[www.freeformatter.com/indonesia-standards-code-snippets.html]
[www.freeformatter.com/israel-standards-code-snippets.html]
[www.freeformatter.com/italy-standards-code-snippets.html]
[www.freeformatter.com/mexico-standards-code-snippets.html]
[www.freeformatter.com/netherlands-standards-code-snippets.html]
[www.freeformatter.com/pakistan-standards-code-snippets.html]
[www.freeformatter.com/philippines-standards-code-snippets.html]
[www.freeformatter.com/poland-standards-code-snippets.html]
[www.freeformatter.com/romania-standards-code-snippets.html]
[www.freeformatter.com/sweden-standards-code-snippets.html]
[www.freeformatter.com/spain-standards-code-snippets.html]
[www.freeformatter.com/ukraine-standards-code-snippets.html]
[www.freeformatter.com/turkey-standards-code-snippets.html]
[www.freeformatter.com/united-kingdom-standards-code-snippets.html]
[www.freeformatter.com/vietnam-standards-code-snippets.html]
[www.freeformatter.com/united-states-standards-code-snippets.html]
[www.freeformatter.com/copyright-notice.html]
[www.freeformatter.com/privacy-statement.html]
[www.freeformatter.com/terms-of-use.html]
[cdnjs.cloudflare.com/ajax/libs/jquery/3.6.0/jquery.min.js]
[www.freeformatter.com/index.html]
[www.freeformatter.com/5.0.0.1/images/favicon.ico]
[www.freeformatter.com/5.0.0.1/css/bootstrap.min.css]
[www.freeformatter.com/5.0.0.1/css/app.min.css]
[www.freeformatter.com/formatters.html]
[www.freeformatter.com/5.0.0.1/css/icons.min.css]
[www.freeformatter.com/5.0.0.1/js/app.js]
[cdnjs.cloudflare.com/ajax/libs/highlight.js/11.5.1/styles/intellij-light.min.css]
[cdnjs.cloudflare.com/ajax/libs/highlight.js/11.5.1/languages/xml.min.js]
[www.freeformatter.com/formatted.xml]
[www.freeformatter.com/xml-formatter.html]
[www.freeformatter.com/json-formatter.html]
[cdnjs.cloudflare.com/ajax/libs/highlight.js/11.5.1/highlight.min.js]
[www.freeformatter.com/formatted-2.html]
[www.freeformatter.com/html-formatter.html]
[www.freeformatter.com/sql-formatter.html]
[www.freeformatter.com/validators.html]
[www.freeformatter.com/xml-validator-xsd.html]
[www.freeformatter.com/json-validator.html]
[www.freeformatter.com/html-validator.html]
[cdnjs.cloudflare.com/ajax/libs/highlight.js/11.5.1/languages/sql.min.js]
[www.freeformatter.com/xpath-results.txt]
[www.freeformatter.com/xpath-tester.html]
[www.freeformatter.com/credit-card-number-generator-validator.html]
[www.freeformatter.com/regex-tester.html]
[www.freeformatter.com/java-regex-tester.html]
[cdnjs.cloudflare.com/ajax/libs/xregexp/3.2.0/xregexp-all.min.js]
[www.freeformatter.com/cron-expression-generator-quartz.html]
[www.freeformatter.com/converters.html]
[www.freeformatter.com/xsd-generator.html]
[cdnjs.cloudflare.com/ajax/libs/bootstrap/5.1.3/js/bootstrap.min.js]
[www.freeformatter.com/xslt-results.txt]
[www.freeformatter.com/xsl-transformer.html]
[www.freeformatter.com/xml-to-json-converter.html]
[www.freeformatter.com/converted.xml]
[www.freeformatter.com/json-to-xml-converter.html]
[www.freeformatter.com/csv-to-xml-converter.html]
[www.freeformatter.com/csv-to-json-converter.html]
[www.freeformatter.com/yaml-to-json-converter.html]
[cdnjs.cloudflare.com/ajax/libs/highlight.js/11.5.1/languages/yaml.min.js]
[www.freeformatter.com/json-to-yaml-converter.html]
[www.freeformatter.com/epoch-timestamp-to-date-converter.html]
[www.freeformatter.com/encoders-cryptography.html]
[www.freeformatter.com/encoded.txt]
[www.freeformatter.com/url-encoder.html]
[www.freeformatter.com/base64-encoder.html]
[www.freeformatter.com/convert-file-encoding.html]
[www.freeformatter.com/md5-generator.html]
[www.freeformatter.com/sha256-generator.html]
[www.freeformatter.com/message-digest.html]
[www.freeformatter.com/sha512-generator.html]
[www.freeformatter.com/hmac.txt]
[www.freeformatter.com/hmac-generator.html]
[www.freeformatter.com/qr-code-generator.html]
[www.freeformatter.com/minifiers.html]
[www.freeformatter.com/5.0.0.1/js/date.js]
[cdnjs.cloudflare.com/ajax/libs/highlight.js/11.5.1/languages/javascript.min.js]
[www.freeformatter.com/formatted.js]
[www.freeformatter.com/javascript-beautifier.html]
[www.freeformatter.com/javascript-minifier.html]
[www.freeformatter.com/beautified.css]
[www.freeformatter.com/css-beautifier.html]
[www.freeformatter.com/css-minifier.html]
[www.freeformatter.com/string-escaper.html]
[www.freeformatter.com/string-utilities.html]
[cdnjs.cloudflare.com/ajax/libs/highlight.js/11.5.1/languages/css.min.js]
[www.freeformatter.com/escaped.html]
[www.freeformatter.com/html-escape.html]
[www.freeformatter.com/xml-escape.txt]
[www.freeformatter.com/xml-escape.html]
[www.freeformatter.com/java-escape.txt]
[www.freeformatter.com/java-dotnet-escape.html]
[www.freeformatter.com/escaped.js]
[www.freeformatter.com/javascript-escape.html]
[www.freeformatter.com/json-escape.html]
[www.freeformatter.com/csv-escape.html]
[www.freeformatter.com/sql-escape.html]
[www.freeformatter.com/web-resources.html]
[www.freeformatter.com/lorem-ipsum.txt]
[www.freeformatter.com/lorem-ipsum-generator.html]
[www.freeformatter.com/mime-types-list.html]
[www.freeformatter.com/html-entities.html]
[www.freeformatter.com/url-parser-query-string-splitter.html]
[www.freeformatter.com/i18n-standards-code-snippets.html]
[www.freeformatter.com/cdn-cgi/l/email-protection.html]
[www.freeformatter.com/iso-country-list-html-select.html]
[www.freeformatter.com/usa-state-list-html-select.html]
[www.freeformatter.com/canada-province-list-html-select.html]
[www.freeformatter.com/mexico-state-list-html-select.html]
[www.freeformatter.com/time-zone-list-html-select.html]
[cdnjs.cloudflare.com/ajax/libs/highlight.js/11.5.1/languages/json.min.js]
[cdnjs.cloudflare.com/ajax/libs/highlight.js/11.5.1/languages/java.min.js]
[cdnjs.cloudflare.com/ajax/libs/highlight.js/11.5.1/languages/php.min.js]
[www.freeformatter.com/argentina-standards-code-snippets.html]
[www.freeformatter.com/australia-standards-code-snippets.html]
[www.freeformatter.com/brazil-standards-code-snippets.html]
[www.freeformatter.com/canada-standards-code-snippets.html]
[www.freeformatter.com/colombia-standards-code-snippets.html]
[www.freeformatter.com/france-standards-code-snippets.html]
[cdnjs.cloudflare.com/ajax/libs/highlight.js/11.5.1/languages/csharp.min.js]
[www.freeformatter.com/germany-standards-code-snippets.html]
[www.freeformatter.com/india-standards-code-snippets.html]
[www.freeformatter.com/indonesia-standards-code-snippets.html]
[www.freeformatter.com/israel-standards-code-snippets.html]
[www.freeformatter.com/italy-standards-code-snippets.html]
[www.freeformatter.com/mexico-standards-code-snippets.html]
[www.freeformatter.com/netherlands-standards-code-snippets.html]
[www.freeformatter.com/pakistan-standards-code-snippets.html]
[www.freeformatter.com/philippines-standards-code-snippets.html]
[www.freeformatter.com/poland-standards-code-snippets.html]
[www.freeformatter.com/romania-standards-code-snippets.html]
[www.freeformatter.com/spain-standards-code-snippets.html]
[www.freeformatter.com/sweden-standards-code-snippets.html]
[www.freeformatter.com/turkey-standards-code-snippets.html]
[www.freeformatter.com/ukraine-standards-code-snippets.html]
[www.freeformatter.com/united-kingdom-standards-code-snippets.html]
[www.freeformatter.com/united-states-standards-code-snippets.html]
[www.freeformatter.com/vietnam-standards-code-snippets.html]
[www.freeformatter.com/copyright-notice.html]
[www.freeformatter.com/privacy-statement.html]
[www.freeformatter.com/terms-of-use.html]
[www.freeformatter.com/5.0.0.1/fonts/fa-brands-400.eot]
[www.freeformatter.com/5.0.0.1/fonts/fa-brands-400.woff2]
[www.freeformatter.com/5.0.0.1/fonts/fa-brands-400d41d.eot]
[www.freeformatter.com/5.0.0.1/fonts/fa-brands-400.woff]
[www.freeformatter.com/5.0.0.1/fonts/fa-brands-400.svg]
[www.freeformatter.com/5.0.0.1/fonts/fa-brands-400.ttf]
[www.freeformatter.com/5.0.0.1/fonts/fa-regular-400.woff2]
[www.freeformatter.com/5.0.0.1/fonts/fa-regular-400.eot]
[www.freeformatter.com/5.0.0.1/fonts/fa-regular-400d41d.eot]
[www.freeformatter.com/5.0.0.1/fonts/fa-regular-400.woff]
[www.freeformatter.com/5.0.0.1/fonts/fa-regular-400.ttf]
[www.freeformatter.com/5.0.0.1/fonts/fa-regular-400.svg]
[www.freeformatter.com/5.0.0.1/fonts/fa-solid-900.eot]
[www.freeformatter.com/5.0.0.1/fonts/fa-solid-900.woff2]
[www.freeformatter.com/5.0.0.1/fonts/fa-solid-900d41d.eot]
[www.freeformatter.com/5.0.0.1/fonts/fa-solid-900.woff]
[www.freeformatter.com/5.0.0.1/fonts/fa-solid-900.ttf]
[www.freeformatter.com/5.0.0.1/css/icons.min.css]
[cdnjs.cloudflare.com/ajax/libs/highlight.js/11.5.1/styles/intellij-light.min.css]
[www.freeformatter.com/formatted.html]
[www.freeformatter.com/formatted-2.html]
[www.freeformatter.com/xpath-results.html]
[www.freeformatter.com/xslt-results.html]
[www.freeformatter.com/converted.html]
[www.freeformatter.com/encoded.html]
[www.freeformatter.com/md5-generator.html]
[www.freeformatter.com/sha256-generator.html]
[www.freeformatter.com/sha512-generator.html]
[www.freeformatter.com/hmac.html]
[www.freeformatter.com/formatted-3.html]
[www.freeformatter.com/beautified.html]
[www.freeformatter.com/escaped.html]
[www.freeformatter.com/xml-escape-2.html]
[www.freeformatter.com/java-escape.html]
[www.freeformatter.com/escaped-2.html]
[www.freeformatter.com/lorem-ipsum.html]
[www.freeformatter.com/5.0.0.1/fonts/fa-brands-400.svg]
[www.freeformatter.com/5.0.0.1/fonts/fa-regular-400.svg]
[www.freeformatter.com/5.0.0.1/fonts/fa-solid-900.svg]
[www.freeformatter.com/5.0.0.1/fonts/fa-solid-900.svg]
